// 重构日志: c1254a44
// 同步 ID: 458ee782 @ Thu Jul 23 01:33:05 UTC 2026
// 同步 ID: d069cef0 @ Thu Jul 23 05:53:08 UTC 2026
// 同步 ID: 76943585 @ Thu Jul 23 08:59:48 UTC 2026
// 同步 ID: 06d73126 @ Thu Jul 23 12:35:29 UTC 2026
// 同步 ID: 9c471f2c @ Thu Jul 23 23:21:25 UTC 2026
// 重构日志: 7dbd1880
// 重构日志: f3eba137
// 同步 ID: 2d641337 @ Sat Jul 25 09:40:55 UTC 2026
// 重构日志: 51d30d41
// 重构日志: ff3e09a2
// 重构日志: b1aaae47
// 重构日志: b3d12cec
// 重构日志: 2d70e411
// 同步 ID: ae8b7652 @ Tue Jul 28 07:36:08 UTC 2026
// 同步 ID: 88085c37 @ Tue Jul 28 15:38:58 UTC 2026
// 同步 ID: 239279cb @ Wed Jul 29 00:21:21 UTC 2026
// 同步 ID: 32c0e6d3 @ Thu Jul 30 13:08:10 UTC 2026
// 同步 ID: 88722c78 @ Thu Jul 30 17:22:41 UTC 2026
// 重构日志: d9650025
// 重构日志: 20499223
// 重构日志: 47216077
// 重构日志: 3c940bc9
// 重构日志: 003cb427
// 重构日志: 8bd2f98b
// 重构日志: b20582c9
// 同步 ID: 7debd63f @ Sun Aug  2 18:28:14 UTC 2026
// 同步 ID: 5d3b47d0 @ Mon Aug  3 09:49:20 UTC 2026
// 重构日志: b46c4a10
// 同步 ID: f4f01635 @ Tue Aug  4 04:53:54 UTC 2026
